{"data":{"name":{"id":"91755","simple_name":"Angophora costata","full_name":"Angophora costata (Gaertn.) Britten","full_name_html":"<scientific><name data-id='91755'><scientific><name data-id='91714'><element>Angophora</element></name></scientific> <element>costata</element> <authors>(<base data-id='7066' title='Gaertner, J.'>Gaertn.</base>) <author data-id='7087' title='Britten, J.'>Britten</author></authors></name></scientific>","family_name":"Myrtaceae Juss.","name_status_name":"legitimate","name_usages":[{"instance_id":"514039","standalone":true,"instance_type_name":"comb. nov.","accepted_tree_status":"","reference_details":{"id":"32778","citation":"Britten, J. (1916), The plants of Salisbury's \"Prodromus\" (1796). Journal of Botany, British and Foreign 54","citation_html":"<ref data-id='32778'><ref-paper><author>Britten, J.</author> <year>(1916)</year>, <ref-title>The plants of Salisbury's \"Prodromus\" (1796).</ref-title> <par-title><i>Journal of Botany, British and Foreign</i></par-title> <volume>54</volume></ref-paper></ref>","page":"62","page_qualifier":null,"year":"1916","full_citation_with_page":null},"primary_instance":true,"misapplication":false,"misapplication_details":null,"synonyms":[{"id":"804816","full_name":"Metrosideros costata Gaertn.","instance_type":"basionym","label":"basionym","page":"62","name_status_name":"legitimate"}],"notes":[]},{"instance_id":"723296","standalone":true,"instance_type_name":"secondary reference","accepted_tree_status":"","reference_details":{"id":"22474","citation":"Beadle, N.C.W., Evans, O.D. \u0026 Carolin, R.C. (1962), Handbook of the Vascular Plants of the Sydney District and Blue Mountains","citation_html":"<ref data-id='22474'><ref-section><author>Beadle, N.C.W., Evans, O.D. \u0026 Carolin, R.C.</author> <year>(1962)</year>, <par-title><i>Handbook of the Vascular Plants of the Sydney District and Blue Mountains</i></par-title></ref-section></ref>","page":"263","page_qualifier":null,"year":"1962","full_citation_with_page":null},"primary_instance":false,"misapplication":false,"misapplication_details":null,"synonyms":[{"id":"994658","full_name":"Rusty Gum","instance_type":"common name","label":"common name","page":"263","name_status_name":"[n/a]"},{"id":"994657","full_name":"Smooth-barked Apple","instance_type":"common name","label":"common name","page":"263","name_status_name":"[n/a]"}],"notes":[]},{"instance_id":"514040","standalone":true,"instance_type_name":"secondary reference","accepted_tree_status":"","reference_details":{"id":"33334","citation":"Hall, N., Johnston, R.D. \u0026 Chippendale, G.M. (1970), Forest Trees Australia","citation_html":"<ref data-id='33334'><ref-unknown><author>Hall, N., Johnston, R.D. \u0026 Chippendale, G.M.</author> <year>(1970)</year>, <par-title><i>Forest Trees Australia</i></par-title></ref-unknown></ref>","page":"270-271","page_qualifier":null,"year":"1970","full_citation_with_page":null},"primary_instance":false,"misapplication":false,"misapplication_details":null,"synonyms":[],"notes":[]},{"instance_id":"760832","standalone":true,"instance_type_name":"secondary reference","accepted_tree_status":"","reference_details":{"id":"53210","citation":"Williams, K.A.W. (1980), Native Plants of Queensland Edn. 2, 1","citation_html":"<ref data-id='53210'><ref-section><author>Williams, K.A.W.</author> <year>(1980)</year>, <par-title><i>Native Plants of Queensland</i></par-title> <edition>Edn. 2,</edition> <volume>1</volume></ref-section></ref>","page":"18","page_qualifier":null,"year":"1980","full_citation_with_page":null},"primary_instance":false,"misapplication":false,"misapplication_details":null,"synonyms":[{"id":"1003415","full_name":"Cabbage Gum","instance_type":"common name","label":"common name","page":"18","name_status_name":"[n/a]"},{"id":"1003413","full_name":"Rusty Gum","instance_type":"common name","label":"common name","page":"18","name_status_name":"[n/a]"},{"id":"1003414","full_name":"Sugar Gum","instance_type":"common name","label":"common name","page":"18","name_status_name":"[n/a]"}],"notes":[]},{"instance_id":"692936","standalone":true,"instance_type_name":"secondary reference","accepted_tree_status":"","reference_details":{"id":"22532","citation":"Jacobs, S.W.L. \u0026 Pickard, J. (1981), Plants of New South Wales","citation_html":"<ref data-id='22532'><ref-section><author>Jacobs, S.W.L. \u0026 Pickard, J.</author> <year>(1981)</year>, <par-title><i>Plants of New South Wales</i></par-title></ref-section></ref>","page":"154","page_qualifier":null,"year":"1981","full_citation_with_page":null},"primary_instance":false,"misapplication":false,"misapplication_details":null,"synonyms":[{"id":"908090","full_name":"Angophora lanceolata Cav.","instance_type":"taxonomic synonym","label":"taxonomic synonym","page":"154","name_status_name":"nom. illeg."}],"notes":[]},{"instance_id":"514041","standalone":true,"instance_type_name":"secondary reference","accepted_tree_status":"","reference_details":{"id":"33326","citation":"Leach, G.J. (1986), A Revision of the Genus Angophora (Myrtaceae). Telopea 2(6)","citation_html":"<ref data-id='33326'><ref-paper><author>Leach, G.J.</author> <year>(1986)</year>, <ref-title>A Revision of the Genus Angophora (Myrtaceae).</ref-title> <par-title><i>Telopea</i></par-title> <volume>2(6)</volume></ref-paper></ref>","page":"756-762","page_qualifier":null,"year":"1986","full_citation_with_page":null},"primary_instance":false,"misapplication":false,"misapplication_details":null,"synonyms":[{"id":"819222","full_name":"Angophora lanceolata Cav.","instance_type":"taxonomic synonym","label":"taxonomic synonym","page":"756","name_status_name":"nom. illeg."},{"id":"819224","full_name":"Angophora lanceolata var. hispida A.Gray","instance_type":"taxonomic synonym","label":"taxonomic synonym","page":"756","name_status_name":"legitimate"},{"id":"819227","full_name":"Melaleuca costata Raeusch.","instance_type":"taxonomic synonym","label":"taxonomic synonym","page":"756","name_status_name":"nom. inval., nom. nud."},{"id":"801527","full_name":"Metrosideros costata Gaertn.","instance_type":"nomenclatural synonym","label":"nomenclatural synonym","page":"756","name_status_name":"legitimate"},{"id":"819228","full_name":"Metrosideros splendens Gaertn. ex DC.","instance_type":"taxonomic synonym","label":"taxonomic synonym","page":"756","name_status_name":"nom. illeg."}],"notes":[]},{"instance_id":"728015","standalone":true,"instance_type_name":"secondary reference","accepted_tree_status":"","reference_details":{"id":"52173","citation":"Stanley, T.D. in Stanley, T.D. \u0026 Ross, E.M. (1986), Myrtaceae. Flora of South-eastern Queensland 2","citation_html":"<ref data-id='52173'><ref-section><author>Stanley, T.D.</author> <author>in Stanley, T.D. \u0026 Ross, E.M.</author> <year>(1986)</year>, <ref-title>Myrtaceae.</ref-title> <par-title><i>Flora of South-eastern Queensland</i></par-title> <volume>2</volume></ref-section></ref>","page":"146","page_qualifier":null,"year":"1986","full_citation_with_page":null},"primary_instance":false,"misapplication":false,"misapplication_details":null,"synonyms":[{"id":"925041","full_name":"Angophora lanceolata Cav.","instance_type":"taxonomic synonym","label":"taxonomic synonym","page":"146","name_status_name":"nom. illeg."},{"id":"925040","full_name":"Metrosideros costata Gaertn.","instance_type":"nomenclatural synonym","label":"nomenclatural synonym","page":"146","name_status_name":"legitimate"},{"id":"996103","full_name":"Rusty Gum","instance_type":"common name","label":"common name","page":"146","name_status_name":"[n/a]"},{"id":"996102","full_name":"Smoothbark Apple","instance_type":"common name","label":"common name","page":"146","name_status_name":"[n/a]"}],"notes":[]},{"instance_id":"514042","standalone":true,"instance_type_name":"secondary reference","accepted_tree_status":"","reference_details":{"id":"25943","citation":"Chippendale, G.M. in George, A.S. (ed.) (1988), Eucalyptus. Flora of Australia 19","citation_html":"<ref data-id='25943'><ref-paper><author>Chippendale, G.M.</author> <author>in George, A.S. (ed.)</author> <year>(1988)</year>, <ref-title>Eucalyptus.</ref-title> <par-title><i>Flora of Australia</i></par-title> <volume>19</volume></ref-paper></ref>","page":"449","page_qualifier":null,"year":"1988","full_citation_with_page":null},"primary_instance":false,"misapplication":false,"misapplication_details":null,"synonyms":[{"id":"803026","full_name":"Metrosideros costata Gaertn.","instance_type":"nomenclatural synonym","label":"nomenclatural synonym","page":"449","name_status_name":"legitimate"}],"notes":[]},{"instance_id":"562274","standalone":true,"instance_type_name":"secondary reference","accepted_tree_status":"","reference_details":{"id":"40395","citation":"Thiele, K. \u0026 Ladiges, P.Y. (1988), A cladistic analysis of Angophora Cav. (Myrtaceae). Cladistics 4(1)","citation_html":"<ref data-id='40395'><ref-paper><author>Thiele, K. \u0026 Ladiges, P.Y.</author> <year>(1988)</year>, <ref-title>A cladistic analysis of Angophora Cav. (Myrtaceae).</ref-title> <par-title><i>Cladistics</i></par-title> <volume>4(1)</volume></ref-paper></ref>","page":"35","page_qualifier":null,"year":"1988","full_citation_with_page":null},"primary_instance":false,"misapplication":false,"misapplication_details":null,"synonyms":[],"notes":[]},{"instance_id":"514043","standalone":true,"instance_type_name":"secondary reference","accepted_tree_status":"","reference_details":{"id":"33335","citation":"Leach, G.J. \u0026 Whiffin, T.P. (1989), Ontogenetic, Seasonal and Diurnal Variation in Leaf Volatile Oils and Leaf Phenolics of Angophora costata. Australian Systematic Botany 2(1)","citation_html":"<ref data-id='33335'><ref-paper><author>Leach, G.J. \u0026 Whiffin, T.P.</author> <year>(1989)</year>, <ref-title>Ontogenetic, Seasonal and Diurnal Variation in Leaf Volatile Oils and Leaf Phenolics of Angophora costata.</ref-title> <par-title><i>Australian Systematic Botany</i></par-title> <volume>2(1)</volume></ref-paper></ref>","page":"99-111","page_qualifier":null,"year":"1989","full_citation_with_page":null},"primary_instance":false,"misapplication":false,"misapplication_details":null,"synonyms":[],"notes":[]},{"instance_id":"562287","standalone":true,"instance_type_name":"secondary reference","accepted_tree_status":"","reference_details":{"id":"33331","citation":"Johnson, L.A.S. \u0026 Hill, K.D. (1990), New taxa and combinations in Eucalyptus and Angophora (Myrtaceae). Telopea 4(1)","citation_html":"<ref data-id='33331'><ref-paper><author>Johnson, L.A.S. \u0026 Hill, K.D.</author> <year>(1990)</year>, <ref-title>New taxa and combinations in Eucalyptus and Angophora (Myrtaceae).</ref-title> <par-title><i>Telopea</i></par-title> <volume>4(1)</volume></ref-paper></ref>","page":"38","page_qualifier":null,"year":"1990","full_citation_with_page":null},"primary_instance":false,"misapplication":false,"misapplication_details":null,"synonyms":[{"id":"819236","full_name":"Angophora costata (Gaertn.) Britten subsp. costata","instance_type":"nomenclatural synonym","label":"nomenclatural synonym","page":"38","name_status_name":"legitimate"}],"notes":[]},{"instance_id":"665674","standalone":true,"instance_type_name":"secondary reference","accepted_tree_status":"","reference_details":{"id":"49898","citation":"Hill, K.D. in Harden, G.J. (ed.) (1991), Flora of New South Wales 2","citation_html":"<ref data-id='49898'><ref-paper><author>Hill, K.D.</author> <author>in Harden, G.J. (ed.)</author> <year>(1991)</year>, <par-title><i>Flora of New South Wales</i></par-title> <volume>2</volume></ref-paper></ref>","page":"74-75, pl. 7","page_qualifier":null,"year":"1991","full_citation_with_page":null},"primary_instance":false,"misapplication":false,"misapplication_details":null,"synonyms":[{"id":"975472","full_name":"Rusty Gum","instance_type":"common name","label":"common name","page":null,"name_status_name":"[n/a]"},{"id":"975471","full_name":"Sydney Red Gum","instance_type":"common name","label":"common name","page":null,"name_status_name":"[n/a]"}],"notes":[]},{"instance_id":"586116","standalone":true,"instance_type_name":"secondary reference","accepted_tree_status":"","reference_details":{"id":"40495","citation":"Robson, Peter J. (1993), Checklist of Australian Trees: alphabetical listings of common and scientific names","citation_html":"<ref data-id='40495'><ref-section><author>Robson, Peter J.</author> <year>(1993)</year>, <par-title><i>Checklist of Australian Trees: alphabetical listings of common and scientific names</i></par-title></ref-section></ref>","page":null,"page_qualifier":null,"year":"1993","full_citation_with_page":null},"primary_instance":false,"misapplication":false,"misapplication_details":null,"synonyms":[{"id":"965934","full_name":"Apple Gum","instance_type":"common name","label":"common name","page":null,"name_status_name":"[n/a]"},{"id":"969370","full_name":"Brown Apple Tree","instance_type":"common name","label":"common name","page":null,"name_status_name":"[n/a]"},{"id":"965935","full_name":"Cabbage Gum","instance_type":"common name","label":"common name","page":null,"name_status_name":"[n/a]"},{"id":"965936","full_name":"Red Gum","instance_type":"common name","label":"common name","page":null,"name_status_name":"[n/a]"},{"id":"965937","full_name":"Rusty Gum","instance_type":"common name","label":"common name","page":null,"name_status_name":"[n/a]"},{"id":"965938","full_name":"Sugar Gum","instance_type":"common name","label":"common name","page":null,"name_status_name":"[n/a]"},{"id":"965939","full_name":"Sydney Red Gum","instance_type":"common name","label":"common name","page":null,"name_status_name":"[n/a]"}],"notes":[]},{"instance_id":"819243","standalone":false,"instance_type_name":"taxonomic synonym","accepted_tree_status":"","reference_details":{"id":"40090","citation":"Brooker, M.I.H. (2000), A new classification of the genus Eucalyptus L'Her. (Myrtaceae). Australian Systematic Botany 13(1)","citation_html":"<ref data-id='40090'><ref-paper><author>Brooker, M.I.H.</author> <year>(2000)</year>, <ref-title>A new classification of the genus Eucalyptus L'Her. (Myrtaceae).</ref-title> <par-title><i>Australian Systematic Botany</i></par-title> <volume>13(1)</volume></ref-paper></ref>","page":"135","page_qualifier":null,"year":"2000","full_citation_with_page":null},"primary_instance":false,"misapplication":false,"misapplication_details":null,"synonyms":[{"id":"819243","full_name":"Eucalyptus apocynifolia (Salisb.) Brooker","instance_type":"taxonomic synonym","label":"taxonomic synonym of","page":"135","name_status_name":"legitimate"}],"notes":[]},{"instance_id":"562308","standalone":true,"instance_type_name":"secondary reference","accepted_tree_status":"","reference_details":{"id":"40396","citation":"Ladiges, P.Y. \u0026 Udovicic, F. (2000), Comment on a New Classification of the Eucalypts. Australian Systematic Botany 13(1)","citation_html":"<ref data-id='40396'><ref-paper><author>Ladiges, P.Y. \u0026 Udovicic, F.</author> <year>(2000)</year>, <ref-title>Comment on a New Classification of the Eucalypts.</ref-title> <par-title><i>Australian Systematic Botany</i></par-title> <volume>13(1)</volume></ref-paper></ref>","page":"149-152","page_qualifier":null,"year":"2000","full_citation_with_page":null},"primary_instance":false,"misapplication":false,"misapplication_details":null,"synonyms":[{"id":"819276","full_name":"Eucalyptus apocynifolia (Salisb.) Brooker","instance_type":"taxonomic synonym","label":"taxonomic synonym","page":"149","name_status_name":"legitimate"}],"notes":[]},{"instance_id":"695689","standalone":true,"instance_type_name":"secondary reference","accepted_tree_status":"","reference_details":{"id":"51085","citation":"Hill, K.D. in Harden, G.J. (ed.) (2002), Flora of New South Wales Revised Edition 2","citation_html":"<ref data-id='51085'><ref-paper><author>Hill, K.D.</author> <author>in Harden, G.J. (ed.)</author> <year>(2002)</year>, <par-title><i>Flora of New South Wales Revised Edition</i></par-title> <volume>2</volume></ref-paper></ref>","page":"91","page_qualifier":null,"year":"2002","full_citation_with_page":null},"primary_instance":false,"misapplication":false,"misapplication_details":null,"synonyms":[{"id":"909360","full_name":"Eucalyptus apocynifolia (Salisb.) Brooker","instance_type":"taxonomic synonym","label":"taxonomic synonym","page":"91","name_status_name":"legitimate"},{"id":"983905","full_name":"Rusty Gum","instance_type":"common name","label":"common name","page":"91","name_status_name":"[n/a]"},{"id":"983904","full_name":"Sydney Red Gum","instance_type":"common name","label":"common name","page":"91","name_status_name":"[n/a]"}],"notes":[]},{"instance_id":"5438124","standalone":false,"instance_type_name":"misapplied","accepted_tree_status":"","reference_details":{"id":"4220646","citation":"Jessup, L.W. (2002), Flora of South-eastern Queensland Volume 2 Changes to names or status of taxa.","citation_html":"<ref data-id='4220646'><ref-book><author>Jessup, L.W.</author> <year>(2002)</year>, <ref-title>Flora of South-eastern Queensland Volume 2 Changes to names or status of taxa.</ref-title></ref-book></ref>","page":null,"page_qualifier":null,"year":"2002","full_citation_with_page":null},"primary_instance":false,"misapplication":true,"misapplication_details":{"direction":"forward","misapplied_to_full_name":"Angophora leiocarpa (L.A.S.Johnson ex G.J.Leach) K.R.Thiele \u0026 Ladiges","misapplied_to_name_id":"123435","misapplied_in_references":[{"id":"52173","citation":"Stanley, T.D. in Stanley, T.D. \u0026 Ross, E.M. (1986), Myrtaceae. Flora of South-eastern Queensland 2","page":"146","page_qualifier":null,"display_entry":"display entry"}],"misapplication_type_label":"misapplied to"},"synonyms":[],"notes":[]},{"instance_id":"612287","standalone":true,"instance_type_name":"secondary reference","accepted_tree_status":"","reference_details":{"id":"42942","citation":"CHAH (2006), Australian Plant Census","citation_html":"<ref data-id='42942'><ref-section><author>CHAH</author> <year>(2006)</year>, <par-title><i>Australian Plant Census</i></par-title></ref-section></ref>","page":null,"page_qualifier":null,"year":"2006","full_citation_with_page":null},"primary_instance":false,"misapplication":false,"misapplication_details":null,"synonyms":[{"id":"852424","full_name":"Metrosideros costata Gaertn.","instance_type":"nomenclatural synonym","label":"nomenclatural synonym","page":null,"name_status_name":"legitimate"}],"notes":[{"id":"1097817","key":"APC Comment","value":"The subspecific rank is not used in NSW in this species at present, but is used in Euclid."},{"id":"1097818","key":"APC Dist.","value":"Qld, NSW"}]},{"instance_id":"653996","standalone":true,"instance_type_name":"secondary reference","accepted_tree_status":"ApcConcept","reference_details":{"id":"47743","citation":"CHAH (2009), Australian Plant Census","citation_html":"<ref data-id='47743'><ref-section><author>CHAH</author> <year>(2009)</year>, <par-title><i>Australian Plant Census</i></par-title></ref-section></ref>","page":null,"page_qualifier":null,"year":"2009","full_citation_with_page":null},"primary_instance":false,"misapplication":false,"misapplication_details":null,"synonyms":[{"id":"886464","full_name":"Metrosideros costata Gaertn.","instance_type":"nomenclatural synonym","label":"nomenclatural synonym","page":null,"name_status_name":"legitimate"},{"id":"886465","full_name":"Metrosideros fulgens Sol. ex Gaertn.","instance_type":"taxonomic synonym","label":"taxonomic synonym","page":null,"name_status_name":"legitimate"}],"notes":[{"id":"1112211","key":"APC Dist.","value":"Qld, NSW, Vic (naturalised)"}]}]}}}
