{"data":{"name_search":{"count":1,"names":[{"id":"91714","simple_name":"Angophora","full_name":"Angophora Cav.","name_status_name":"legitimate","family_name":"Myrtaceae Juss."}]}}}