{"data":{"name_search":{"count":1,"names":[{"id":"91742","simple_name":"Angophora cordata","full_name":"Angophora cordata Vis.","full_name_html":"\u003cscientific\u003e\u003cname data-id='91742'\u003e\u003cscientific\u003e\u003cname data-id='91714'\u003e\u003celement\u003eAngophora\u003c/element\u003e\u003c/name\u003e\u003c/scientific\u003e \u003celement\u003ecordata\u003c/element\u003e \u003cauthors\u003e\u003cauthor data-id='7665' title='Visiani, R. de'\u003eVis.\u003c/author\u003e\u003c/authors\u003e\u003c/name\u003e\u003c/scientific\u003e","family_name":"Myrtaceae Juss.","name_status_name":"legitimate","name_usages":[{"instance_id":"514020","standalone":true,"instance_type_name":"tax. nov.","accepted_tree_status":"","reference_details":{"id":"33332","citation":"Visiani R. de (1842), L'Orto Botanico di Padova","citation_html":"\u003cref data-id='33332'\u003e\u003cref-unknown\u003e\u003cauthor\u003eVisiani R. de\u003c/author\u003e \u003cyear\u003e(1842)\u003c/year\u003e, \u003cpar-title\u003e\u003ci\u003eL'Orto Botanico di Padova\u003c/i\u003e\u003c/par-title\u003e\u003c/ref-unknown\u003e\u003c/ref\u003e","page":"133","page_qualifier":null,"year":"1842","full_citation_with_page":null},"primary_instance":true,"misapplication":false,"misapplication_details":null,"synonyms":[],"notes":[{"id":"1037180","key":"Type","value":"\"È una robusta specie provenuta dal ricchissimo Giardino del cl Baron C. Hügel presso Vienna,\""}]},{"instance_id":"7705788","standalone":true,"instance_type_name":"secondary reference","accepted_tree_status":"ApcExcluded","reference_details":{"id":"6875190","citation":"CHAH (2016), Australian Plant Census","citation_html":"\u003cref data-id='6875190'\u003e\u003cref-section\u003e\u003cauthor\u003eCHAH\u003c/author\u003e \u003cyear\u003e(2016)\u003c/year\u003e, \u003cpar-title\u003e\u003ci\u003eAustralian Plant Census\u003c/i\u003e\u003c/par-title\u003e\u003c/ref-section\u003e\u003c/ref\u003e","page":null,"page_qualifier":null,"year":"2016","full_citation_with_page":null},"primary_instance":false,"misapplication":false,"misapplication_details":null,"synonyms":[],"notes":[{"id":"7706266","key":"APC Comment","value":"A name of uncertain application."}]}]}]}}}
