{"data":{"name":{"id":"91755","simple_name":"Angophora costata","full_name":"Angophora costata (Gaertn.) Britten","full_name_html":"\u003cscientific\u003e\u003cname data-id='91755'\u003e\u003cscientific\u003e\u003cname data-id='91714'\u003e\u003celement\u003eAngophora\u003c/element\u003e\u003c/name\u003e\u003c/scientific\u003e \u003celement\u003ecostata\u003c/element\u003e \u003cauthors\u003e(\u003cbase data-id='7066' title='Gaertner, J.'\u003eGaertn.\u003c/base\u003e) \u003cauthor data-id='7087' title='Britten, J.'\u003eBritten\u003c/author\u003e\u003c/authors\u003e\u003c/name\u003e\u003c/scientific\u003e","family_name":"Myrtaceae Juss.","name_status_name":"legitimate","name_usages":[{"instance_id":"514039","standalone":true,"instance_type_name":"comb. nov.","accepted_tree_status":"","reference_details":{"id":"32778","citation":"Britten, J. (1916), The plants of Salisbury's \"Prodromus\" (1796). Journal of Botany, British and Foreign 54","citation_html":"\u003cref data-id='32778'\u003e\u003cref-paper\u003e\u003cauthor\u003eBritten, J.\u003c/author\u003e \u003cyear\u003e(1916)\u003c/year\u003e, \u003cref-title\u003eThe plants of Salisbury's \"Prodromus\" (1796).\u003c/ref-title\u003e \u003cpar-title\u003e\u003ci\u003eJournal of Botany, British and Foreign\u003c/i\u003e\u003c/par-title\u003e \u003cvolume\u003e54\u003c/volume\u003e\u003c/ref-paper\u003e\u003c/ref\u003e","page":"62","page_qualifier":null,"year":"1916","full_citation_with_page":null},"primary_instance":true,"misapplication":false,"misapplication_details":null,"synonyms":[{"id":"804816","full_name":"Metrosideros costata Gaertn.","instance_type":"basionym","label":"basionym","page":"62","name_status_name":"legitimate"}],"notes":[]},{"instance_id":"723296","standalone":true,"instance_type_name":"secondary reference","accepted_tree_status":"","reference_details":{"id":"22474","citation":"Beadle, N.C.W., Evans, O.D. \u0026 Carolin, R.C. (1962), Handbook of the Vascular Plants of the Sydney District and Blue Mountains","citation_html":"\u003cref data-id='22474'\u003e\u003cref-section\u003e\u003cauthor\u003eBeadle, N.C.W., Evans, O.D. \u0026 Carolin, R.C.\u003c/author\u003e \u003cyear\u003e(1962)\u003c/year\u003e, \u003cpar-title\u003e\u003ci\u003eHandbook of the Vascular Plants of the Sydney District and Blue Mountains\u003c/i\u003e\u003c/par-title\u003e\u003c/ref-section\u003e\u003c/ref\u003e","page":"263","page_qualifier":null,"year":"1962","full_citation_with_page":null},"primary_instance":false,"misapplication":false,"misapplication_details":null,"synonyms":[{"id":"994658","full_name":"Rusty Gum","instance_type":"common name","label":"common name","page":"263","name_status_name":"[n/a]"},{"id":"994657","full_name":"Smooth-barked Apple","instance_type":"common name","label":"common name","page":"263","name_status_name":"[n/a]"}],"notes":[]},{"instance_id":"514040","standalone":true,"instance_type_name":"secondary reference","accepted_tree_status":"","reference_details":{"id":"33334","citation":"Hall, N., Johnston, R.D. \u0026 Chippendale, G.M. (1970), Forest Trees Australia","citation_html":"\u003cref data-id='33334'\u003e\u003cref-unknown\u003e\u003cauthor\u003eHall, N., Johnston, R.D. \u0026 Chippendale, G.M.\u003c/author\u003e \u003cyear\u003e(1970)\u003c/year\u003e, \u003cpar-title\u003e\u003ci\u003eForest Trees Australia\u003c/i\u003e\u003c/par-title\u003e\u003c/ref-unknown\u003e\u003c/ref\u003e","page":"270-271","page_qualifier":null,"year":"1970","full_citation_with_page":null},"primary_instance":false,"misapplication":false,"misapplication_details":null,"synonyms":[],"notes":[]},{"instance_id":"760832","standalone":true,"instance_type_name":"secondary reference","accepted_tree_status":"","reference_details":{"id":"53210","citation":"Williams, K.A.W. (1980), Native Plants of Queensland Edn. 2, 1","citation_html":"\u003cref data-id='53210'\u003e\u003cref-section\u003e\u003cauthor\u003eWilliams, K.A.W.\u003c/author\u003e \u003cyear\u003e(1980)\u003c/year\u003e, \u003cpar-title\u003e\u003ci\u003eNative Plants of Queensland\u003c/i\u003e\u003c/par-title\u003e \u003cedition\u003eEdn. 2,\u003c/edition\u003e \u003cvolume\u003e1\u003c/volume\u003e\u003c/ref-section\u003e\u003c/ref\u003e","page":"18","page_qualifier":null,"year":"1980","full_citation_with_page":null},"primary_instance":false,"misapplication":false,"misapplication_details":null,"synonyms":[{"id":"1003415","full_name":"Cabbage Gum","instance_type":"common name","label":"common name","page":"18","name_status_name":"[n/a]"},{"id":"1003413","full_name":"Rusty Gum","instance_type":"common name","label":"common name","page":"18","name_status_name":"[n/a]"},{"id":"1003414","full_name":"Sugar Gum","instance_type":"common name","label":"common name","page":"18","name_status_name":"[n/a]"}],"notes":[]},{"instance_id":"692936","standalone":true,"instance_type_name":"secondary reference","accepted_tree_status":"","reference_details":{"id":"22532","citation":"Jacobs, S.W.L. \u0026 Pickard, J. (1981), Plants of New South Wales","citation_html":"\u003cref data-id='22532'\u003e\u003cref-section\u003e\u003cauthor\u003eJacobs, S.W.L. \u0026 Pickard, J.\u003c/author\u003e \u003cyear\u003e(1981)\u003c/year\u003e, \u003cpar-title\u003e\u003ci\u003ePlants of New South Wales\u003c/i\u003e\u003c/par-title\u003e\u003c/ref-section\u003e\u003c/ref\u003e","page":"154","page_qualifier":null,"year":"1981","full_citation_with_page":null},"primary_instance":false,"misapplication":false,"misapplication_details":null,"synonyms":[{"id":"908090","full_name":"Angophora lanceolata Cav.","instance_type":"taxonomic synonym","label":"taxonomic synonym","page":"154","name_status_name":"nom. illeg."}],"notes":[]},{"instance_id":"514041","standalone":true,"instance_type_name":"secondary reference","accepted_tree_status":"","reference_details":{"id":"33326","citation":"Leach, G.J. (1986), A Revision of the Genus Angophora (Myrtaceae). Telopea 2(6)","citation_html":"\u003cref data-id='33326'\u003e\u003cref-paper\u003e\u003cauthor\u003eLeach, G.J.\u003c/author\u003e \u003cyear\u003e(1986)\u003c/year\u003e, \u003cref-title\u003eA Revision of the Genus Angophora (Myrtaceae).\u003c/ref-title\u003e \u003cpar-title\u003e\u003ci\u003eTelopea\u003c/i\u003e\u003c/par-title\u003e \u003cvolume\u003e2(6)\u003c/volume\u003e\u003c/ref-paper\u003e\u003c/ref\u003e","page":"756-762","page_qualifier":null,"year":"1986","full_citation_with_page":null},"primary_instance":false,"misapplication":false,"misapplication_details":null,"synonyms":[{"id":"819222","full_name":"Angophora lanceolata Cav.","instance_type":"taxonomic synonym","label":"taxonomic synonym","page":"756","name_status_name":"nom. illeg."},{"id":"819224","full_name":"Angophora lanceolata var. hispida A.Gray","instance_type":"taxonomic synonym","label":"taxonomic synonym","page":"756","name_status_name":"legitimate"},{"id":"819227","full_name":"Melaleuca costata Raeusch.","instance_type":"taxonomic synonym","label":"taxonomic synonym","page":"756","name_status_name":"nom. inval., nom. nud."},{"id":"801527","full_name":"Metrosideros costata Gaertn.","instance_type":"nomenclatural synonym","label":"nomenclatural synonym","page":"756","name_status_name":"legitimate"},{"id":"819228","full_name":"Metrosideros splendens Gaertn. ex DC.","instance_type":"taxonomic synonym","label":"taxonomic synonym","page":"756","name_status_name":"nom. illeg."}],"notes":[]},{"instance_id":"728015","standalone":true,"instance_type_name":"secondary reference","accepted_tree_status":"","reference_details":{"id":"52173","citation":"Stanley, T.D. in Stanley, T.D. \u0026 Ross, E.M. (1986), Myrtaceae. Flora of South-eastern Queensland 2","citation_html":"\u003cref data-id='52173'\u003e\u003cref-section\u003e\u003cauthor\u003eStanley, T.D.\u003c/author\u003e \u003cauthor\u003ein Stanley, T.D. \u0026 Ross, E.M.\u003c/author\u003e \u003cyear\u003e(1986)\u003c/year\u003e, \u003cref-title\u003eMyrtaceae.\u003c/ref-title\u003e \u003cpar-title\u003e\u003ci\u003eFlora of South-eastern Queensland\u003c/i\u003e\u003c/par-title\u003e \u003cvolume\u003e2\u003c/volume\u003e\u003c/ref-section\u003e\u003c/ref\u003e","page":"146","page_qualifier":null,"year":"1986","full_citation_with_page":null},"primary_instance":false,"misapplication":false,"misapplication_details":null,"synonyms":[{"id":"925041","full_name":"Angophora lanceolata Cav.","instance_type":"taxonomic synonym","label":"taxonomic synonym","page":"146","name_status_name":"nom. illeg."},{"id":"925040","full_name":"Metrosideros costata Gaertn.","instance_type":"nomenclatural synonym","label":"nomenclatural synonym","page":"146","name_status_name":"legitimate"},{"id":"996103","full_name":"Rusty Gum","instance_type":"common name","label":"common name","page":"146","name_status_name":"[n/a]"},{"id":"996102","full_name":"Smoothbark Apple","instance_type":"common name","label":"common name","page":"146","name_status_name":"[n/a]"}],"notes":[]},{"instance_id":"514042","standalone":true,"instance_type_name":"secondary reference","accepted_tree_status":"","reference_details":{"id":"25943","citation":"Chippendale, G.M. in George, A.S. (ed.) (1988), Eucalyptus. Flora of Australia 19","citation_html":"\u003cref data-id='25943'\u003e\u003cref-paper\u003e\u003cauthor\u003eChippendale, G.M.\u003c/author\u003e \u003cauthor\u003ein George, A.S. (ed.)\u003c/author\u003e \u003cyear\u003e(1988)\u003c/year\u003e, \u003cref-title\u003eEucalyptus.\u003c/ref-title\u003e \u003cpar-title\u003e\u003ci\u003eFlora of Australia\u003c/i\u003e\u003c/par-title\u003e \u003cvolume\u003e19\u003c/volume\u003e\u003c/ref-paper\u003e\u003c/ref\u003e","page":"449","page_qualifier":null,"year":"1988","full_citation_with_page":null},"primary_instance":false,"misapplication":false,"misapplication_details":null,"synonyms":[{"id":"803026","full_name":"Metrosideros costata Gaertn.","instance_type":"nomenclatural synonym","label":"nomenclatural synonym","page":"449","name_status_name":"legitimate"}],"notes":[]},{"instance_id":"562274","standalone":true,"instance_type_name":"secondary reference","accepted_tree_status":"","reference_details":{"id":"40395","citation":"Thiele, K. \u0026 Ladiges, P.Y. (1988), A cladistic analysis of Angophora Cav. (Myrtaceae). Cladistics 4(1)","citation_html":"\u003cref data-id='40395'\u003e\u003cref-paper\u003e\u003cauthor\u003eThiele, K. \u0026 Ladiges, P.Y.\u003c/author\u003e \u003cyear\u003e(1988)\u003c/year\u003e, \u003cref-title\u003eA cladistic analysis of Angophora Cav. (Myrtaceae).\u003c/ref-title\u003e \u003cpar-title\u003e\u003ci\u003eCladistics\u003c/i\u003e\u003c/par-title\u003e \u003cvolume\u003e4(1)\u003c/volume\u003e\u003c/ref-paper\u003e\u003c/ref\u003e","page":"35","page_qualifier":null,"year":"1988","full_citation_with_page":null},"primary_instance":false,"misapplication":false,"misapplication_details":null,"synonyms":[],"notes":[]},{"instance_id":"514043","standalone":true,"instance_type_name":"secondary reference","accepted_tree_status":"","reference_details":{"id":"33335","citation":"Leach, G.J. \u0026 Whiffin, T.P. (1989), Ontogenetic, Seasonal and Diurnal Variation in Leaf Volatile Oils and Leaf Phenolics of Angophora costata. Australian Systematic Botany 2(1)","citation_html":"\u003cref data-id='33335'\u003e\u003cref-paper\u003e\u003cauthor\u003eLeach, G.J. \u0026 Whiffin, T.P.\u003c/author\u003e \u003cyear\u003e(1989)\u003c/year\u003e, \u003cref-title\u003eOntogenetic, Seasonal and Diurnal Variation in Leaf Volatile Oils and Leaf Phenolics of Angophora costata.\u003c/ref-title\u003e \u003cpar-title\u003e\u003ci\u003eAustralian Systematic Botany\u003c/i\u003e\u003c/par-title\u003e \u003cvolume\u003e2(1)\u003c/volume\u003e\u003c/ref-paper\u003e\u003c/ref\u003e","page":"99-111","page_qualifier":null,"year":"1989","full_citation_with_page":null},"primary_instance":false,"misapplication":false,"misapplication_details":null,"synonyms":[],"notes":[]},{"instance_id":"562287","standalone":true,"instance_type_name":"secondary reference","accepted_tree_status":"","reference_details":{"id":"33331","citation":"Johnson, L.A.S. \u0026 Hill, K.D. (1990), New taxa and combinations in Eucalyptus and Angophora (Myrtaceae). Telopea 4(1)","citation_html":"\u003cref data-id='33331'\u003e\u003cref-paper\u003e\u003cauthor\u003eJohnson, L.A.S. \u0026 Hill, K.D.\u003c/author\u003e \u003cyear\u003e(1990)\u003c/year\u003e, \u003cref-title\u003eNew taxa and combinations in Eucalyptus and Angophora (Myrtaceae).\u003c/ref-title\u003e \u003cpar-title\u003e\u003ci\u003eTelopea\u003c/i\u003e\u003c/par-title\u003e \u003cvolume\u003e4(1)\u003c/volume\u003e\u003c/ref-paper\u003e\u003c/ref\u003e","page":"38","page_qualifier":null,"year":"1990","full_citation_with_page":null},"primary_instance":false,"misapplication":false,"misapplication_details":null,"synonyms":[{"id":"819236","full_name":"Angophora costata (Gaertn.) Britten subsp. costata","instance_type":"nomenclatural synonym","label":"nomenclatural synonym","page":"38","name_status_name":"legitimate"}],"notes":[]},{"instance_id":"665674","standalone":true,"instance_type_name":"secondary reference","accepted_tree_status":"","reference_details":{"id":"49898","citation":"Hill, K.D. in Harden, G.J. (ed.) (1991), Flora of New South Wales 2","citation_html":"\u003cref data-id='49898'\u003e\u003cref-paper\u003e\u003cauthor\u003eHill, K.D.\u003c/author\u003e \u003cauthor\u003ein Harden, G.J. (ed.)\u003c/author\u003e \u003cyear\u003e(1991)\u003c/year\u003e, \u003cpar-title\u003e\u003ci\u003eFlora of New South Wales\u003c/i\u003e\u003c/par-title\u003e \u003cvolume\u003e2\u003c/volume\u003e\u003c/ref-paper\u003e\u003c/ref\u003e","page":"74-75, pl. 7","page_qualifier":null,"year":"1991","full_citation_with_page":null},"primary_instance":false,"misapplication":false,"misapplication_details":null,"synonyms":[{"id":"975472","full_name":"Rusty Gum","instance_type":"common name","label":"common name","page":null,"name_status_name":"[n/a]"},{"id":"975471","full_name":"Sydney Red Gum","instance_type":"common name","label":"common name","page":null,"name_status_name":"[n/a]"}],"notes":[]},{"instance_id":"586116","standalone":true,"instance_type_name":"secondary reference","accepted_tree_status":"","reference_details":{"id":"40495","citation":"Robson, Peter J. (1993), Checklist of Australian Trees: alphabetical listings of common and scientific names","citation_html":"\u003cref data-id='40495'\u003e\u003cref-section\u003e\u003cauthor\u003eRobson, Peter J.\u003c/author\u003e \u003cyear\u003e(1993)\u003c/year\u003e, \u003cpar-title\u003e\u003ci\u003eChecklist of Australian Trees: alphabetical listings of common and scientific names\u003c/i\u003e\u003c/par-title\u003e\u003c/ref-section\u003e\u003c/ref\u003e","page":null,"page_qualifier":null,"year":"1993","full_citation_with_page":null},"primary_instance":false,"misapplication":false,"misapplication_details":null,"synonyms":[{"id":"965934","full_name":"Apple Gum","instance_type":"common name","label":"common name","page":null,"name_status_name":"[n/a]"},{"id":"969370","full_name":"Brown Apple Tree","instance_type":"common name","label":"common name","page":null,"name_status_name":"[n/a]"},{"id":"965935","full_name":"Cabbage Gum","instance_type":"common name","label":"common name","page":null,"name_status_name":"[n/a]"},{"id":"965936","full_name":"Red Gum","instance_type":"common name","label":"common name","page":null,"name_status_name":"[n/a]"},{"id":"965937","full_name":"Rusty Gum","instance_type":"common name","label":"common name","page":null,"name_status_name":"[n/a]"},{"id":"965938","full_name":"Sugar Gum","instance_type":"common name","label":"common name","page":null,"name_status_name":"[n/a]"},{"id":"965939","full_name":"Sydney Red Gum","instance_type":"common name","label":"common name","page":null,"name_status_name":"[n/a]"}],"notes":[]},{"instance_id":"819243","standalone":false,"instance_type_name":"taxonomic synonym","accepted_tree_status":"","reference_details":{"id":"40090","citation":"Brooker, M.I.H. (2000), A new classification of the genus Eucalyptus L'Her. (Myrtaceae). Australian Systematic Botany 13(1)","citation_html":"\u003cref data-id='40090'\u003e\u003cref-paper\u003e\u003cauthor\u003eBrooker, M.I.H.\u003c/author\u003e \u003cyear\u003e(2000)\u003c/year\u003e, \u003cref-title\u003eA new classification of the genus Eucalyptus L'Her. (Myrtaceae).\u003c/ref-title\u003e \u003cpar-title\u003e\u003ci\u003eAustralian Systematic Botany\u003c/i\u003e\u003c/par-title\u003e \u003cvolume\u003e13(1)\u003c/volume\u003e\u003c/ref-paper\u003e\u003c/ref\u003e","page":"135","page_qualifier":null,"year":"2000","full_citation_with_page":null},"primary_instance":false,"misapplication":false,"misapplication_details":null,"synonyms":[{"id":"819243","full_name":"Eucalyptus apocynifolia (Salisb.) Brooker","instance_type":"taxonomic synonym","label":"taxonomic synonym of","page":"135","name_status_name":"legitimate"}],"notes":[]},{"instance_id":"562308","standalone":true,"instance_type_name":"secondary reference","accepted_tree_status":"","reference_details":{"id":"40396","citation":"Ladiges, P.Y. \u0026 Udovicic, F. (2000), Comment on a New Classification of the Eucalypts. Australian Systematic Botany 13(1)","citation_html":"\u003cref data-id='40396'\u003e\u003cref-paper\u003e\u003cauthor\u003eLadiges, P.Y. \u0026 Udovicic, F.\u003c/author\u003e \u003cyear\u003e(2000)\u003c/year\u003e, \u003cref-title\u003eComment on a New Classification of the Eucalypts.\u003c/ref-title\u003e \u003cpar-title\u003e\u003ci\u003eAustralian Systematic Botany\u003c/i\u003e\u003c/par-title\u003e \u003cvolume\u003e13(1)\u003c/volume\u003e\u003c/ref-paper\u003e\u003c/ref\u003e","page":"149-152","page_qualifier":null,"year":"2000","full_citation_with_page":null},"primary_instance":false,"misapplication":false,"misapplication_details":null,"synonyms":[{"id":"819276","full_name":"Eucalyptus apocynifolia (Salisb.) Brooker","instance_type":"taxonomic synonym","label":"taxonomic synonym","page":"149","name_status_name":"legitimate"}],"notes":[]},{"instance_id":"695689","standalone":true,"instance_type_name":"secondary reference","accepted_tree_status":"","reference_details":{"id":"51085","citation":"Hill, K.D. in Harden, G.J. (ed.) (2002), Flora of New South Wales Revised Edition 2","citation_html":"\u003cref data-id='51085'\u003e\u003cref-paper\u003e\u003cauthor\u003eHill, K.D.\u003c/author\u003e \u003cauthor\u003ein Harden, G.J. (ed.)\u003c/author\u003e \u003cyear\u003e(2002)\u003c/year\u003e, \u003cpar-title\u003e\u003ci\u003eFlora of New South Wales Revised Edition\u003c/i\u003e\u003c/par-title\u003e \u003cvolume\u003e2\u003c/volume\u003e\u003c/ref-paper\u003e\u003c/ref\u003e","page":"91","page_qualifier":null,"year":"2002","full_citation_with_page":null},"primary_instance":false,"misapplication":false,"misapplication_details":null,"synonyms":[{"id":"909360","full_name":"Eucalyptus apocynifolia (Salisb.) Brooker","instance_type":"taxonomic synonym","label":"taxonomic synonym","page":"91","name_status_name":"legitimate"},{"id":"983905","full_name":"Rusty Gum","instance_type":"common name","label":"common name","page":"91","name_status_name":"[n/a]"},{"id":"983904","full_name":"Sydney Red Gum","instance_type":"common name","label":"common name","page":"91","name_status_name":"[n/a]"}],"notes":[]},{"instance_id":"5438124","standalone":false,"instance_type_name":"misapplied","accepted_tree_status":"","reference_details":{"id":"4220646","citation":"Jessup, L.W. (2002), Flora of South-eastern Queensland Volume 2 Changes to names or status of taxa.","citation_html":"\u003cref data-id='4220646'\u003e\u003cref-book\u003e\u003cauthor\u003eJessup, L.W.\u003c/author\u003e \u003cyear\u003e(2002)\u003c/year\u003e, \u003cref-title\u003eFlora of South-eastern Queensland Volume 2 Changes to names or status of taxa.\u003c/ref-title\u003e\u003c/ref-book\u003e\u003c/ref\u003e","page":null,"page_qualifier":null,"year":"2002","full_citation_with_page":null},"primary_instance":false,"misapplication":true,"misapplication_details":{"direction":"forward","misapplied_to_full_name":"Angophora leiocarpa (L.A.S.Johnson ex G.J.Leach) K.R.Thiele \u0026 Ladiges","misapplied_to_name_id":"123435","misapplied_in_references":[{"id":"52173","citation":"Stanley, T.D. in Stanley, T.D. \u0026 Ross, E.M. (1986), Myrtaceae. Flora of South-eastern Queensland 2","page":"146","page_qualifier":null,"display_entry":"display entry"}],"misapplication_type_label":"misapplied to"},"synonyms":[],"notes":[]},{"instance_id":"612287","standalone":true,"instance_type_name":"secondary reference","accepted_tree_status":"","reference_details":{"id":"42942","citation":"CHAH (2006), Australian Plant Census","citation_html":"\u003cref data-id='42942'\u003e\u003cref-section\u003e\u003cauthor\u003eCHAH\u003c/author\u003e \u003cyear\u003e(2006)\u003c/year\u003e, \u003cpar-title\u003e\u003ci\u003eAustralian Plant Census\u003c/i\u003e\u003c/par-title\u003e\u003c/ref-section\u003e\u003c/ref\u003e","page":null,"page_qualifier":null,"year":"2006","full_citation_with_page":null},"primary_instance":false,"misapplication":false,"misapplication_details":null,"synonyms":[{"id":"852424","full_name":"Metrosideros costata Gaertn.","instance_type":"nomenclatural synonym","label":"nomenclatural synonym","page":null,"name_status_name":"legitimate"}],"notes":[{"id":"1097817","key":"APC Comment","value":"The subspecific rank is not used in NSW in this species at present, but is used in Euclid."},{"id":"1097818","key":"APC Dist.","value":"Qld, NSW"}]},{"instance_id":"653996","standalone":true,"instance_type_name":"secondary reference","accepted_tree_status":"ApcConcept","reference_details":{"id":"47743","citation":"CHAH (2009), Australian Plant Census","citation_html":"\u003cref data-id='47743'\u003e\u003cref-section\u003e\u003cauthor\u003eCHAH\u003c/author\u003e \u003cyear\u003e(2009)\u003c/year\u003e, \u003cpar-title\u003e\u003ci\u003eAustralian Plant Census\u003c/i\u003e\u003c/par-title\u003e\u003c/ref-section\u003e\u003c/ref\u003e","page":null,"page_qualifier":null,"year":"2009","full_citation_with_page":null},"primary_instance":false,"misapplication":false,"misapplication_details":null,"synonyms":[{"id":"886464","full_name":"Metrosideros costata Gaertn.","instance_type":"nomenclatural synonym","label":"nomenclatural synonym","page":null,"name_status_name":"legitimate"},{"id":"886465","full_name":"Metrosideros fulgens Sol. ex Gaertn.","instance_type":"taxonomic synonym","label":"taxonomic synonym","page":null,"name_status_name":"legitimate"}],"notes":[{"id":"1112211","key":"APC Dist.","value":"Qld, NSW, Vic (naturalised)"}]}]}}}
