{"data":{"runtime_environment":{"ruby_platform":"java","ruby_version":"2.3.3","rails_version":"5.0.6","database":"plants_dev"}}}